// Jest Snapshot v1, https://goo.gl/fbAQLP

exports[`<Main /> Should render the heading 1`] = `
<main
  class="styles__Wrapper-sc-1udztya-0 hGAUAc"
>
  <img
    alt="Imagem padrão da google"
    class="styles__Logo-sc-1udztya-1 cSPwcr"
    src="https://google.com/google.jpg"
  />
  <h1
    class="styles__Title-sc-1udztya-2 eJbXAF"
  >
    React Avançado
  </h1>
  <h2
    class="styles__Description-sc-1udztya-3 cjwMBK"
  >
    TypeScript, ReactJS, NextJS e Styled Components
  </h2>
  <img
    alt="Imagem padrão da google"
    class="styles__Illustration-sc-1udztya-4 klifcz"
    src="https://google.com/google.jpg"
  />
</main>
`
